0.007166 8
0.000149 50
21.507457 1
0.135418 1
0.184192 1
0.168059 1
0.279830 1
0.544191 1
0.447939 1
0.287858 1
0.199976 1
0.935969 1
0.256095 1
0.303860 1
0.198928 1
0.153044 1
0.200190 1
0.522560 11
0.334800 18
0.001089 4
0.140106 14
0.000119 64
0.000118 2
0.000161 106
0.001645 4
0.000421 102
0.000170 60
0.000104 2
0.000155 102
0.000087 68
0.000084 2
0.000117 106
0.000097 4
0.020776 102
0.000071 70
0.000091 2
0.000109 106
0.000099 4
0.129523 102
0.000090 61
0.000110 2
0.001570 107
0.000290 46
0.000053 4
0.016302 48
0.000071 77
0.000090 2
0.000102 53
0.000078 24
0.000075 4
0.182692 26
0.000077 72
0.000210 2
0.004083 31
0.000220 12
0.000054 4
0.059852 18
0.000092 4
0.327887 18
0.001963 4
0.292375 18
0.000104 4
0.228726 18
0.000077 4
0.131675 18
0.000091 4
0.164498 18
0.000099 4
0.259500 19
0.000080 4
0.000103 15
0.248609 29
0.016316 29
0.025338 29
0.077555 29
0.000848 29
0.017037 29
0.000769 29
0.008867 29
0.000977 29
0.002420 29
0.001386 29
0.632727 30
0.562451 30
0.001252 30
0.142656 30
0.094662 30
0.001013 30
0.021179 30
0.001210 30
0.004526 30
0.001142 30
0.308306 30
0.001596 30
0.092527 30
0.000200 30
0.178541 30
0.241170 30
0.000216 30
0.135430 30
0.000553 30
0.117225 30
0.000201 30
0.021838 30
0.000777 30
0.004527 30
0.001506 30
0.002750 30
0.001054 30
0.007647 30
0.001420 30
0.001000 30
0.000995 30
0.003178 30
0.000811 30
0.002033 30
0.000256 30
0.099172 30
0.000422 30
0.064361 30
0.048817 30
0.003437 30
0.232202 30
0.000750 30
0.147056 30
0.000990 30
0.062594 30
0.000912 30
0.024469 30
0.000920 30
0.002519 30
0.001074 30
0.001551 30
0.000903 30
0.001258 30
0.001583 30
0.003337 30
0.000951 30
0.031319 30
0.000915 30
0.176980 30
0.000359 30
0.184383 31
0.000110 2
0.038509 32
0.000124 32
0.001649 32
0.156716 33
0.000111 33
0.550606 33
0.081319 34
0.000075 2
0.000112 34
0.001196 33
0.001928 35
0.000065 2
0.046740 69
0.000072 2
0.017712 8
0.000084 50
3.523230 1
0.447635 1
0.216020 1
1.080010 1
0.271953 1
0.687950 1
0.199995 1
0.344034 1
0.216240 1
1.639613 1
0.224071 1
0.327941 1
0.447991 1
0.272084 1
0.527867 1
0.192079 1
0.223924 1
1.160118 1
0.560009 1
0.240018 1
1.183894 1
0.224147 1
0.160010 1
0.135762 1
0.256021 1
0.263999 1
0.800041 1
0.703935 1
0.257349 1
0.286695 1
1.287864 1
0.208110 1
0.120022 1
0.160058 1
0.207783 1
0.256006 1
0.232339 1
1.071822 4
0.688176 1
0.727559 1
0.151955 1
0.160091 1
0.600121 1
0.271861 1
0.216105 1
0.240076 1
2.097006 11
0.116435 29
0.029608 31
0.000141 31
0.000204 2
0.027029 32
0.000099 32
0.149230 33
0.000104 33
0.453850 34
0.000109 2
0.000160 34
0.000426 33
0.001830 35
0.000067 2
0.732564 52
0.000064 2
0.003389 90
0.000095 2
0.000779 83
0.000055 2
0.003543 19
0.000064 2
0.000140 94
0.000136 2
0.000098 38
0.000079 2
1.451110 45
0.000099 2
0.004805 97
0.000073 2
0.001046 90
0.000066 2
0.000393 12
0.000059 2
0.182800 64
0.000088 2
0.159780 32
0.000089 2
0.000166 67
0.000138 2
0.011535 18
0.000078 4
0.091480 14
0.000117 92
0.000112 2
0.000086 32
0.000119 4
0.001764 33
0.000058 12
0.000090 4
0.044800 14
0.000117 103
0.000043 2
0.000096 40
0.000171 4
0.001640 41
0.000130 12
0.000107 4
0.079233 14
0.000124 113
0.000040 2
0.000393 32
0.000330 4
0.116244 33
0.000295 13
0.000224 4
0.000814 15
0.000076 120
0.000216 2
0.000137 39
0.000096 4
0.501011 44
0.000069 4
0.072595 45
0.000104 13
0.000156 4
0.019218 15
0.000103 123
0.000291 2
0.000236 41
0.000049 4
0.000847 42
0.000063 13
0.000116 4
0.103454 15
0.000112 119
0.000145 42
0.000231 4
0.005569 41
0.000180 13
0.000134 4
0.045711 15
0.000151 105
0.000039 2
0.000132 46
0.000176 4
0.001453 47
0.000076 13
0.000135 4
0.024974 15
0.000149 147
0.000023 4
0.001838 44
0.000063 13
0.000092 4
0.075966 15
0.000166 105
0.000044 2
0.000119 46
0.000211 4
0.001383 47
0.000158 13
0.000098 4
0.028400 15
0.000137 103
0.000040 2
0.000088 44
0.000148 4
0.001146 45
0.000055 13
0.000092 4
0.114516 15
0.000189 104
0.000273 46
0.000062 4
0.001313 45
0.000082 13
0.000141 4
0.107196 15
0.000112 106
0.000036 2
0.000089 47
0.000051 4
0.001014 48
0.000157 13
0.000238 4
0.038130 15
0.000120 104
0.000049 2
0.000212 44
0.000157 4
0.002200 45
0.000070 13
0.000178 4
0.031250 15
0.000296 124
0.000052 2
0.000112 39
0.000052 4
0.475326 40
0.000125 13
0.000168 4
0.000617 15
0.000106 99
0.000162 2
0.000098 40
0.000134 4
0.006064 41
0.000101 14
0.000256 4
0.000147 16
0.000160 33
0.000043 2
0.808590 27
0.000086 2
0.144143 1
0.000116 15
0.070964 45
0.000138 2
0.000214 23
0.014946 25
0.000206 26
0.000629 26
0.000312 26
0.000183 26
0.000151 26
0.000134 26
0.000123 26
0.000160 26
0.000270 26
0.000117 26
0.008081 26
0.037966 26
0.028602 26
0.034682 26
0.030988 26
0.026513 26
0.035766 26
0.034873 26
0.096298 27
0.000499 22
0.000200 50
0.000097 2
0.005799 51
0.000151 2
0.000441 45
0.000203 83
0.000056 2
0.000513 45
0.000048 83
0.000040 2
0.006799 26
0.000142 2
0.048302 45
0.000105 83
0.000044 2
0.039182 53
0.000152 2
0.015453 66
0.000141 2
0.000630 45
0.000067 83
0.000097 2
0.004656 41
0.000151 2
0.037132 45
0.000253 83
0.000053 2
0.049162 45
0.000264 2
0.014335 68
0.000146 2
0.000529 45
0.000138 83
0.000039 2
0.004782 43
0.000160 2
0.335490 45
0.000072 83
0.000106 2
0.031568 51
0.000132 2
0.014362 75
0.000137 2
0.000478 45
0.000051 83
0.000040 2
0.004531 50
0.000130 2
1.378673 45
0.000129 83
0.000145 2
0.028211 54
0.000119 2
0.014763 79
0.000172 2
0.000546 45
0.000137 83
0.000096 2
0.004774 56
0.000094 2
0.016768 45
0.000147 83
0.000135 2
0.041575 55
0.018037 75
0.000102 2
0.000544 45
0.000049 83
0.000063 2
0.004968 50
0.000235 2
0.050209 45
0.001355 83
0.000260 2
0.038560 58
0.000171 2
0.018325 64
0.000235 2
0.000565 45
0.000157 83
0.000096 2
0.003758 41
0.000118 2
0.039107 45
0.000237 83
0.000046 2
0.031739 55
0.000113 2
0.013717 61
0.000152 2
0.000485 45
0.000144 83
0.001113 2
0.003939 38
0.000084 2
0.043295 45
0.000050 85
0.033998 58
0.000166 2
0.016212 64
0.000128 2
0.000547 45
0.000139 83
0.000040 2
0.003954 41
0.000117 2
0.041166 45
0.000074 83
0.000088 2
0.033252 55
0.000174 2
0.016195 61
0.000160 2
0.000633 45
0.000169 83
0.000048 2
0.007426 38
0.000153 2
0.022096 45
0.000073 83
0.000087 2
0.032439 55
0.000159 2
0.017313 62
0.000165 2
0.000807 45
0.000091 83
0.000049 2
0.004108 39
0.000151 2
0.033543 45
0.000119 83
0.000089 2
0.032897 58
0.000154 2
0.014345 64
0.000137 2
0.000582 45
0.000140 83
0.000066 2
0.004095 41
0.000132 2
0.018680 45
0.000072 83
0.000041 2
0.032176 55
0.000163 2
0.014266 62
0.000129 2
0.000543 45
0.000230 83
0.000041 2
0.004232 39
0.000137 2
0.041969 45
0.000150 83
0.000282 2
0.038080 50
0.000187 2
0.016055 74
0.000171 2
0.000585 45
0.000172 83
0.000051 2
0.007235 49
0.000107 2
1.333266 45
0.000142 83
0.000253 2
0.038431 51
0.000412 2
0.015038 57
0.000160 2
0.000738 45
0.000121 83
0.000068 2
0.004016 34
0.000101 2
0.029696 45
0.000100 83
0.000100 2
0.079405 40
0.000101 2
0.005855 45
0.000160 83
0.000081 2
0.380474 45
0.000092 83
0.000042 2
0.006347 42
0.000387 2
0.004438 45
0.000282 83
0.000148 2
0.315139 45
0.000322 83
0.000055 2
0.004367 39
0.000264 2
0.004739 45
0.000215 83
0.000052 2
0.373238 45
0.000168 83
0.000161 2
0.006335 51
0.000230 2
0.011884 130
0.205191 45
0.000102 83
0.000122 2
0.003766 44
0.000267 2
0.003784 45
0.000240 83
0.000087 2
0.005079 45
0.000203 83
0.000042 2
0.005533 57
0.000252 2
0.006479 45
0.000602 83
0.000192 2
0.007286 45
0.000403 83
0.000145 2
0.005537 42
0.000360 2
0.009238 45
0.000094 83
0.000119 2
0.282544 45
0.000084 83
0.000045 2
0.008280 27
0.000223 2
0.005998 45
0.000218 83
0.000059 2
0.004866 45
0.000327 83
0.000050 2
0.004427 51
0.000326 2
0.004119 45
0.000071 83
0.000047 2
0.276845 124
2.177595 130
0.002994 44
0.003412 130
0.425259 45
0.000165 83
0.000092 2
0.004102 42
0.000305 2
0.005709 45
0.000334 83
0.000044 2
0.296573 45
0.000256 83
0.000045 2
0.005753 35
0.000541 2
0.044273 45
0.000105 83
0.000045 2
0.255918 122
0.000178 2
1.629198 45
0.000112 83
0.000066 2
0.008928 39
0.000315 2
0.006010 45
0.000056 83
0.000240 2
0.417358 45
0.000083 83
0.000042 2
0.004059 50
0.000316 2
0.003969 45
0.000224 83
0.000045 2
0.259608 35
0.000089 2
0.036724 5
0.000183 2
0.223299 114
0.000114 2
0.886644 109
0.000158 2
2.719625 45
0.000143 83
0.000173 2
0.021841 42
0.005001 130
0.555935 45
0.000095 83
0.000198 2
0.011412 53
0.000308 2
0.025144 45
0.000219 2
1.086918 2
0.000093 15
0.000110 3
0.625664 102
0.000324 102
0.031447 102
0.000323 102
0.000100 102
0.000135 102
0.000137 102
0.000161 102
0.000202 102
0.000155 102
0.000250 102
0.000159 102
0.000118 102
0.000113 102
0.000126 102
0.000165 102
0.000137 102
0.000147 102
0.000126 102
0.000113 102
0.000139 102
0.000157 102
0.000150 102
0.000134 102
0.000108 102
0.000100 102
0.000128 102
0.000206 102
0.000169 102
0.000127 102
0.000128 102
0.000111 102
0.000112 102
0.000109 102
0.000147 102
0.000146 102
0.000156 102
0.000133 102
0.000157 102
0.000229 102
0.000144 102
0.000079 102
0.000114 102
0.000157 102
0.000172 102
0.000102 102
0.000161 102
0.000117 102
0.000152 102
0.000206 102
0.000107 102
0.000147 102
0.000135 102
0.000126 102
0.000203 102
0.000139 102
0.000137 102
0.000138 102
0.000136 102
0.000144 102
0.000150 102
0.008283 102
0.001151 102
0.000643 102
0.000251 102
0.000211 102
0.000208 102
0.000275 102
0.000181 102
0.000430 102
0.001806 102
0.000742 102
0.001574 102
0.002559 102
0.001728 102
0.001795 102
0.001093 102
0.004325 102
0.004359 102
0.006870 102
0.007502 102
0.004710 102
0.004354 102
0.004507 102
0.000172 102
0.002240 102
0.003487 102
0.001714 102
0.000357 102
0.002978 102
0.002967 102
0.002867 102
0.001451 102
0.002856 102
0.000899 102
0.000207 102
0.000149 102
0.000139 102
0.000578 102
0.000644 102
0.000198 102
0.000190 102
0.000282 102
0.001840 102
0.000144 102
0.000677 102
0.000133 102
0.001272 102
0.001051 102
0.001075 102
0.002816 102
0.002235 102
0.000225 102
0.006455 102
0.001959 102
0.002002 102
0.000782 102
0.000211 102
0.000134 102
0.000727 102
0.000558 102
0.001942 102
0.003874 102
0.000604 102
0.000471 102
0.000977 101
0.000051 2
0.000439 102
0.000138 102
0.014613 102
0.014782 102
0.026901 102
0.018131 102
0.023542 102
0.017715 102
0.014949 102
0.016606 102
0.016267 102
0.024539 102
0.024644 102
0.017260 102
0.014304 102
0.015959 101
0.000228 2
0.010544 102
0.000548 102
0.001403 102
0.003636 102
0.000469 102
0.000602 101
0.000075 2
0.022079 2048
0.000077 2048
0.000245 858
0.003729 2048
0.000101 251
2.351633 71
0.001369 2
0.150205 22
0.000086 2
0.018966 2048
0.000100 2048
0.000289 858
0.001411 2048
0.000131 587
1.937794 50
1.297004 60
0.006288 175
0.000106 2
10.042568 256
0.001310 35
0.000189 2
0.000165 2
0.000423 47
0.000202 2
0.000137 2
0.000858 74
0.000179 2
11.365452 8
0.000076 50
3.564601 1
0.183869 1
0.223944 1
0.304034 1
0.247867 1
0.231903 1
0.184319 1
0.087915 1
0.183869 1
0.256160 1
0.295925 1
0.288012 1
0.287811 1
0.400223 1
0.223831 1
0.248206 1
0.247893 1
0.231939 1
0.207991 1
0.344097 1
0.207892 1
0.167965 1
1.423969 1
0.247940 1
0.176070 1
0.159925 1
0.250689 1
1.357336 1
2.896024 1
0.271941 1
3.991822 4
0.504048 4
0.024155 4
0.031879 4
0.031949 4
0.032048 4
0.032307 4
0.023914 4
0.031693 4
0.032149 4
0.031914 4
0.024124 4
0.031983 4
0.031918 4
0.032088 4
0.023884 4
0.040183 4
0.023908 4
0.039900 4
0.024007 4
0.031957 4
0.031947 4
0.032125 4
0.024137 4
0.031837 4
0.063942 4
0.008148 1
0.015973 1
0.032050 1
0.031858 1
0.031989 1
0.040067 1
0.016037 1
0.040262 1
0.023635 1
0.032036 1
0.032155 1
0.031943 1
0.023877 1
0.032010 1
0.062908 1
0.001109 1
0.023961 1
0.039951 1
0.048124 1
0.000135 1
0.064064 2
0.031859 1
0.031806 1
0.048261 1
0.639755 1
0.216127 1
0.167952 1
0.240549 1
0.239416 1
0.271943 1
0.176100 1
0.079911 1
0.200079 1
0.256114 1
0.351788 1
0.263906 1
0.344042 1
0.264194 1
0.448005 1
0.671789 1
0.288012 1
0.152085 1
0.191962 1
0.327944 1
0.288163 1
0.183902 1
0.304107 1
0.223779 1
0.224057 1
0.168288 1
0.225152 1
0.254570 1
1.069713 11
2.020979 8
0.000216 50
2.924931 1
0.143915 1
0.209514 1
0.182704 1
0.255885 1
0.264337 1
0.143876 1
0.119781 1
0.120158 1
0.271769 1
0.352046 1
0.280202 1
0.335778 1
0.232172 1
0.223931 1
0.695966 1
0.167959 1
0.144124 1
0.095903 1
0.200122 1
0.255830 1
0.664075 1
0.191829 1
0.128025 1
0.184081 1
0.240778 1
1.679278 1
0.191916 1
0.144107 1
1.729497 1
0.558343 1
1.634600 11
0.027395 8
0.000088 50
3.553660 1
0.224246 1
0.167973 1
0.167875 1
0.240026 1
9.127821 1
0.199947 1
0.263993 1
0.240023 1
1.543965 1
0.248386 1
0.407660 1
0.231971 1
1.487950 1
0.383973 1
2.800073 4
0.511771 1
1.432223 1
0.287874 1
1.711948 1
0.192109 1
0.263992 1
0.207916 1
0.223878 1
0.240187 1
0.191873 1
5.303942 1
0.711954 1
0.200061 1
0.248120 1
0.183820 1
1.242698 11
0.007042 4
0.000064 2
0.000089 26
0.000089 1
0.000057 2
0.001250 8
0.000067 50
2.229567 29
0.294999 1
0.127926 1
0.504103 1
0.031914 1
0.056077 2
0.055904 2
0.032107 1
0.032056 1
0.039821 1
0.016086 1
0.040033 1
0.024058 1
0.048053 1
0.024100 1
0.031641 1
0.023994 1
0.032156 1
0.224003 1
1.080182 9
2.535758 3
0.487843 3
0.208119 3
0.239888 3
0.128029 3
0.232148 3
0.135960 3
0.256006 3
0.231973 3
1.864954 4
1.055016 5
1.154603 11
0.041363 8
0.000073 50
4.587981 1
0.135824 1
0.232021 1
0.407968 1
0.242737 1
0.261169 1
0.224072 1
1.599950 1
0.232002 1
0.144036 1
0.119888 1
0.168278 1
0.247914 1
1.184650 11
0.026105 8
0.000090 50
18.749033 1
0.215620 1
0.296005 1
2.975866 4
0.184004 4
0.288113 4
0.175976 1
0.504195 1
0.023862 1
0.040126 1
0.055773 2
0.023899 1
0.032040 1
0.040432 1
0.031514 1
4.039899 1
0.192219 1
0.191843 1
0.184016 1
0.223927 1
1.287972 1
0.304015 1
0.304033 1
0.216071 1
0.239943 1
0.223979 1
0.904119 1
0.263810 1
0.263848 1
0.712237 1
0.431836 1
0.216271 1
0.312174 2
5.791596 1
0.223983 1
0.240043 1
0.271876 1
0.831965 1
0.263880 1
0.944255 1
1.536016 1
0.192079 1
0.327906 1
3.250289 11
0.017768 8
0.000092 50
1.699800 1
0.135710 1
0.224061 1
1.456094 1
0.415815 1
0.224216 1
0.159932 2
1.424013 1
0.264073 1
0.192420 9
2.535568 61
4.983597 1
0.200170 1
0.192206 1
0.223717 1
0.232006 1
2.864191 1
0.183544 1
0.192052 1
0.127978 1
0.280212 1
0.855963 1
0.168158 1
0.175946 1
0.159851 1
0.152253 1
6.799749 1
0.215957 1
1.903748 1
0.392186 1
0.167867 1
0.184127 1
0.272167 1
0.319764 1
0.311873 1
0.224213 1
2.271830 1
0.871890 1
0.223992 1
0.226535 1
4.438512 11
0.025864 8
0.000202 54
0.000157 7
0.000078 6
0.000381 29
0.000062 52
0.000089 14
0.001037 3
0.000050 118
0.000097 6
0.000109 6
0.000067 27
0.000071 87
0.000086 87
0.000075 27
0.000068 86
0.000073 81
0.000171 5
0.000075 14
0.000056 6
0.000054 12
3.210765 122
1.351053 1
0.312220 1
0.199745 1
0.240054 1
3.272360 1
2.151626 1
0.200054 1
1.154227 41
0.014677 8
0.000207 54
0.000140 7
0.000059 6
0.000535 29
0.000068 21
0.000169 6
0.000906 3
0.000089 118
0.000100 6
0.000142 6
0.000092 27
0.000081 87
0.000141 87
0.000069 27
0.000060 86
0.000051 81
0.000276 5
0.000100 12
21.061355 71
0.003463 8
0.000210 42
2.050348 1
0.215950 1
0.143930 1
0.296033 1
0.264090 1
0.225183 11
0.001566 11
0.000700 8
0.000095 42
31.828545 5
0.335158 33
1.818293 11
0.017443 8
0.000299 54
0.000108 7
0.000117 6
0.000623 29
0.000086 21
0.000114 6
0.000878 3
0.000157 118
0.000110 6
0.000178 6
0.000103 27
0.000091 87
0.000096 87
0.000090 27
0.000094 86
0.000106 81
0.000179 5
0.000082 12
17.921751 6
0.000509 8
0.022541 7
0.000091 16
0.000136 6
0.001504 6
0.000137 32
0.000342 52
0.000157 53
0.000139 82
0.000135 33
0.000141 19
0.000128 34
0.000118 40
0.000119 49
0.000115 41
0.000121 58
0.000117 62
0.000107 34
0.000145 19
0.000119 35
0.000128 40
0.000161 48
0.000171 36
0.000120 44
0.000126 34
0.000088 6
0.000097 12
1.186831 24
0.024187 26
0.031975 23
0.328089 23
0.048164 25
0.039840 25
0.320086 92
0.032092 198
0.031590 6
0.000308 12
0.000193 12
0.000134 17
0.000104 56
0.000101 33
0.000095 19
0.000138 35
0.000144 11
0.046790 6
0.000364 12
0.000226 12
0.000160 17
0.000118 35
0.000165 54
0.255651 187
0.031324 6
0.000365 12
0.000199 12
0.000122 17
0.000119 35
0.000109 19
0.000116 47
0.000172 25
0.000087 6
0.671047 233
0.096252 200
0.687703 135
0.071734 18
0.048247 18
0.375744 18
0.056023 18
0.032085 18
3.751721 18
0.048083 18
0.560078 23
0.063844 23
0.043442 6
0.000105 12
0.000071 5
0.420502 26
0.056127 24
0.327742 26
0.040722 26
0.023570 26
0.047971 23
0.327784 26
0.024074 26
0.015915 23
0.032109 23
0.304150 98
0.024018 172
0.015716 6
0.000116 12
0.000146 17
0.000139 15
0.023542 6
0.000108 12
0.039976 18
0.296019 18
0.023956 18
0.024107 18
0.039770 18
0.304100 18
0.015982 18
0.024092 18
0.023971 18
0.032124 18
0.351895 18
0.040099 18
0.063787 18
0.464429 18
0.023604 18
0.039857 18
5.872125 18
0.039858 18
0.400219 18
0.055835 18
0.066898 18
1.869758 427
2.159694 47
0.003269 467
1.589923 71
0.003342 8
0.000088 42
6.066814 1
0.167880 1
0.151928 1
0.152051 1
0.240034 1
1.344057 1
0.135972 1
0.127919 1
0.496092 1
0.351981 1
2.647796 1
0.280056 1
0.343875 1
1.648034 1
0.370135 1
2.333870 1
0.199996 1
0.344030 1
0.327919 1
0.287913 1
9.168644 1
0.631529 1
0.607733 1
0.256197 1
1.322056 11
0.017459 8
0.000290 54
0.000144 7
0.000128 6
0.000749 29
0.000090 21
0.000150 6
0.001079 3
0.000124 118
0.000216 6
0.000163 6
0.000119 27
0.000100 87
0.000122 87
0.000147 27
0.000109 86
0.000129 81
0.000193 5
0.000093 12
5.849912 467
1.030166 25
0.040100 23
0.031991 24
0.314900 18
0.028945 18
0.024258 18
0.047917 18
0.295793 18
0.024188 18
0.031943 18
0.040015 18
0.303902 18
0.024151 18
0.048085 18
13.336061 25
0.455598 23
0.360152 25
0.343720 25
0.375997 25
0.719965 25
0.808211 25
1.815671 19
0.336390 19
0.239537 19
0.240510 19
0.247583 19
0.288122 19
1.384420 23
0.255637 23
0.264095 23
0.599770 23
1.759986 23
0.703900 23
2.816202 55
0.391977 55
0.263844 55
3.040126 23
0.439728 23
0.576071 23
2.159914 23
0.504131 23
0.063981 24
0.007751 18
0.016017 18
0.024330 18
0.031866 6
0.000070 12
0.039771 18
0.064047 18
0.024083 18
0.031924 18
0.032810 18
0.039236 18
0.015813 18
0.032121 18
0.064135 18
0.023822 18
0.032101 18
0.031867 18
0.032042 18
0.064280 18
0.023908 18
0.039838 18
0.024124 18
0.023786 18
0.032058 18
0.032663 18
0.767559 26
0.504058 42
0.023963 21
0.039696 21
0.024004 21
0.041034 64
0.047125 36
0.032008 21
0.015942 21
0.032605 21
0.023463 21
0.031891 18
0.000082 1
0.000059 2
0.031953 18
0.000099 1
0.000081 2
0.031614 18
0.000069 1
0.000047 2
0.032052 18
0.000086 2
0.000086 20
0.031981 6
0.000041 12
0.000066 3
0.000069 5
0.000044 4
0.023594 18
0.000100 2
0.000050 10
0.000050 13
0.031744 18
0.000068 1
0.000048 2
0.032411 18
0.000086 1
0.000071 2
0.023293 18
0.000085 1
0.000050 2
0.031745 18
0.000060 1
0.000038 2
0.032094 18
0.000093 1
0.000057 2
0.063824 18
0.000124 2
0.000061 3
0.031843 18
0.000110 1
0.000079 2
0.023639 18
0.000066 1
0.000046 2
0.032143 18
0.000087 1
0.000048 3
0.024033 14
0.000046 12
0.031452 6
0.000164 12
0.000059 8
0.000043 15
0.032120 6
0.000173 12
0.000063 1
0.000048 2
0.031513 6
0.000213 12
0.000120 1
0.000072 2
0.031687 18
0.000084 1
0.000056 2
0.031712 18
0.000062 8
0.000081 23
0.000046 14
0.023794 18
0.000068 5
0.000042 9
0.032066 18
0.000093 1
0.000091 2
0.031930 18
0.000080 1
0.000074 2
0.023635 18
0.000068 1
0.000048 2
0.031956 18
0.000090 1
0.000077 2
0.039650 18
0.000075 1
0.000048 2
0.031900 18
0.000078 1
0.000053 2
0.032180 18
0.000071 2
0.000045 20
0.047849 18
0.000076 3
0.000046 5
0.000041 4
0.032060 18
0.000078 2
0.000050 10
0.000048 13
0.007252 18
0.000086 1
0.000050 2
0.040039 18
0.000087 1
0.000084 2
0.023918 18
0.000070 1
0.000065 2
0.023700 18
0.000077 1
0.000047 2
0.031830 18
0.000076 1
0.000048 2
0.055926 18
0.000073 1
0.000047 2
0.008028 18
0.000068 1
0.000052 2
0.031741 18
0.000067 1
0.000047 2
0.023833 18
0.000068 1
0.000051 2
0.032061 18
0.000055 1
0.000057 3
0.032239 13
0.000052 12
0.031423 6
0.000154 12
0.000073 5
0.000064 9
0.031653 6
0.000217 12
0.000071 1
0.000053 2
0.031786 18
0.000078 1
0.000052 2
0.055978 18
0.000086 2
0.000052 3
0.023947 18
0.000018 1
0.000067 2
0.031694 18
0.000103 2
0.000061 20
0.032000 18
0.000094 3
0.000056 5
0.000042 4
0.031801 18
0.000088 2
0.000065 10
0.000061 13
0.063592 18
0.000237 3
0.000344 19
0.000018 2
0.023583 18
0.000068 1
0.000047 2
0.031823 18
0.000074 1
0.000047 2
0.024045 18
0.000081 1
0.000052 2
0.031746 18
0.000085 1
0.000049 2
0.031834 18
0.000099 1
0.000060 2
0.031778 18
0.000105 1
0.000056 2
0.039812 18
0.000076 1
0.000046 2
0.039873 18
0.000074 1
0.000011 3
0.016166 13
0.000047 12
0.031653 6
0.000159 12
0.000074 6
0.000053 10
0.031769 18
0.000128 1
0.000065 2
0.031788 18
0.000088 1
0.000063 2
0.024012 18
0.000082 1
0.000087 2
0.031908 18
0.000089 1
0.000052 2
0.031594 18
0.000069 1
0.000047 2
0.031849 18
0.000076 1
0.000048 2
0.032021 18
0.000095 2
0.000066 20
0.031796 18
0.000079 3
0.000054 5
0.000048 4
0.023876 18
0.000100 2
0.000126 10
0.000078 13
0.039572 18
0.000070 1
0.000067 2
0.023905 18
0.000079 1
0.000056 2
0.031834 18
0.000068 1
0.000057 2
0.023990 18
0.000067 1
0.000059 2
0.031725 18
0.000069 1
0.000046 2
0.031814 18
0.000084 1
0.000044 3
0.024290 13
0.000047 12
0.031751 6
0.000131 12
0.000098 4
0.000054 17
0.031566 18
0.000187 1
0.000062 2
0.032064 18
0.000110 1
0.000051 2
0.023465 18
0.000069 1
0.000047 2
0.031885 18
0.000078 1
0.000055 2
0.039911 18
0.000069 1
0.000047 2
0.032024 18
0.000085 1
0.000058 2
0.023860 18
0.000074 1
0.000047 2
0.023796 18
0.000077 1
0.000051 2
0.031799 18
0.000127 1
0.000059 2
0.063970 18
0.000083 2
0.000051 3
0.039812 18
0.000080 1
0.000050 2
0.047888 18
0.000072 1
0.000067 2
0.031854 18
0.000071 1
0.000050 23
0.015967 18
0.000066 1
0.000047 2
0.023666 18
0.000067 1
0.000046 2
0.023981 18
0.000079 1
0.000068 2
0.039832 18
0.000125 1
0.000054 3
0.031977 13
0.000053 12
0.023699 6
0.000136 12
0.000061 7
0.000056 11
0.031822 21
0.032005 21
0.032095 21
0.031943 21
0.032021 21
0.031929 21
0.024065 21
0.032063 18
0.000089 2
0.000056 20
0.031859 18
0.000089 1
0.000051 2
0.031934 18
0.000087 4
0.000053 11
0.031734 18
0.000085 1
0.000058 2
0.023776 18
0.000071 1
0.000047 2
0.031885 18
0.000074 1
0.000046 2
0.032269 18
0.000078 1
0.000050 2
0.031602 18
0.000087 1
0.000071 2
0.031689 18
0.000067 1
0.000054 2
0.024071 18
0.000069 1
0.000047 2
0.063802 18
0.000068 1
0.000044 6
0.031740 18
0.000065 1
0.000051 21
0.031927 18
0.000067 1
0.000046 2
0.023938 18
0.000086 1
0.000050 3
0.040069 13
0.000044 12
0.023702 18
0.000064 1
0.000045 17
0.024126 18
0.000089 1
0.000059 2
0.055751 18
0.000539 1
0.000017 2
0.015546 21
0.040001 19
0.000056 2
0.015696 18
0.000071 1
0.000057 2
0.031902 18
0.000081 1
0.000056 2
0.063828 18
0.000073 2
0.000041 3
0.032007 18
0.000081 1
0.000053 2
0.023786 18
0.000068 1
0.000046 2
0.063927 18
0.000077 1
0.000048 2
0.007852 18
0.000106 1
0.000053 2
0.023870 18
0.000080 1
0.000061 2
0.031775 18
0.000067 1
0.000045 3
0.032141 9
0.000044 12
0.055931 13
0.000071 12
0.000082 3
0.000048 30
0.031452 6
0.000132 12
0.000065 1
0.000048 2
0.031876 18
0.000070 2
0.000062 20
0.024063 18
0.000070 1
0.000049 2
0.032388 18
0.000082 3
0.000051 18
0.031439 18
0.000089 1
0.000054 2
0.031606 18
0.000068 1
0.000047 2
0.055868 18
0.000075 2
0.000046 3
0.032010 18
0.000086 1
0.000059 2
0.031888 18
0.000086 1
0.000058 2
0.023812 18
0.000068 1
0.000047 2
0.031659 18
0.000068 1
0.000070 2
0.063920 18
0.000077 2
0.000041 3
0.023903 18
0.000076 1
0.000050 2
0.039952 18
0.000069 1
0.000047 2
0.023983 18
0.000067 1
0.000047 2
0.031770 18
0.000078 1
0.000046 2
0.039883 18
0.000093 1
0.000053 21
0.023959 18
0.000101 1
0.000079 2
0.031683 18
0.000078 1
0.000045 3
0.032076 12
0.000056 12
0.031830 18
0.000084 1
0.000054 9
0.032048 18
0.000084 1
0.000047 2
0.023956 18
0.000079 1
0.000056 2
0.071661 18
0.000082 2
0.000048 3
0.023747 18
0.000075 1
0.000047 2
0.023858 18
0.000066 1
0.000040 3
0.031812 14
0.000051 39
0.000040 6
0.000055 12
0.000054 5
0.031837 18
0.031928 18
0.048186 18
0.007816 18
0.032000 18
0.032204 18
0.031799 18
0.032102 18
0.047883 18
0.008122 18
0.031826 18
0.032398 18
0.031677 18
0.032081 18
0.024093 18
0.063961 18
0.063877 18
0.032152 11
0.000050 3
0.000048 12
0.000058 4
0.023817 18
0.047897 18
0.024096 18
0.031941 18
1.681243 422
4.502803 427
0.648287 51
0.002637 469
1.693893 72
0.001850 8
0.000043 42
39.908937 1
0.244410 1
0.210917 1
0.407919 1
0.254227 1
0.000346 2
1.169610 1
0.234039 1
1.045874 1
0.215904 1
0.170581 6
1.893406 1
0.303833 1
0.240125 1
1.080015 1
1.039863 1
1.264803 11
1.132723 61
0.000116 2
0.338864 64
0.000033 2
0.023683 61
0.000037 2
0.053317 40
0.000037 2
1.279972 5
0.000074 37
0.000130 2
0.340356 46
0.000567 46
0.000361 46
0.000187 2
0.000031 9
0.000093 31
0.000074 4
0.000354 2
0.000047 9
0.000093 31
0.000097 4
0.000330 2
0.000067 9
0.000032 31
0.000087 4
0.000532 2
0.000039 9
0.000082 31
0.000069 4
0.000159 2
0.000036 9
0.000069 31
0.000070 4
0.000166 2
0.000036 9
0.000062 31
0.000058 4
0.000555 2
0.000048 9
0.001319 31
0.000089 4
0.000973 9
0.000039 22
0.000071 4
0.000649 9
0.000099 22
0.000050 4
0.000351 9
0.000041 22
0.000074 4
0.000406 9
0.000030 22
0.000056 4
0.000474 9
0.000030 22
0.000053 4
0.000138 9
0.000035 22
0.000061 4
0.001733 9
0.000036 22
0.000064 4
0.313410 112
0.015803 110
0.029681 110
0.046710 110
0.000633 48
0.000296 47
0.025590 111
0.026846 46
0.000627 45
0.017037 110
0.040647 111
0.084229 110
0.019731 111
0.062121 110
0.018673 43
0.006299 109
0.094391 109
0.009352 107
0.015792 109
0.000605 107
0.010083 110
0.008186 46
0.000977 45
0.098283 41
0.011678 110
0.013529 110
0.141872 110
0.007622 110
0.061805 110
0.000834 110
0.002215 46
0.000468 45
0.060058 110
0.017092 110
0.123820 110
0.038869 110
0.098591 109
0.000999 109
0.003446 46
0.000862 45
0.010875 110
0.038858 110
0.065512 110
0.051108 110
0.121414 110
0.061274 110
0.003036 110
0.002009 110
0.001072 46
0.000938 45
0.047392 110
0.061273 110
0.101982 110
0.045368 110
0.110084 107
0.002679 46
0.000899 45
0.003964 110
0.047532 110
0.109619 110
0.042743 110
0.107645 110
0.001610 107
0.001301 107
0.000826 46
0.000333 9
0.000051 32
0.000099 4
0.046950 110
0.064408 110
0.036991 110
0.073725 110
0.059291 110
0.066657 110
0.032691 110
0.087802 110
0.000605 110
0.078137 110
0.006270 110
0.124744 110
0.000593 110
0.046828 46
0.000535 45
0.057229 110
0.058229 109
0.035603 110
0.105088 110
0.006711 109
0.058499 46
0.000712 45
0.056973 109
0.104609 109
0.104669 109
0.106117 109
0.127011 109
0.148479 109
0.145352 109
0.157956 109
0.109014 109
0.112145 109
0.134365 109
0.128147 109
0.114508 109
0.172194 109
0.200283 109
0.120920 109
0.119112 109
0.123224 109
0.122306 109
0.110610 109
0.106783 109
0.110785 109
0.102825 109
0.102537 109
0.102828 109
0.110413 109
0.155804 109
0.059450 109
0.063804 41
0.030104 109
0.106818 109
0.122759 109
0.116770 109
0.116260 109
0.126875 109
0.119514 109
0.123126 109
0.109305 109
0.120266 109
0.102069 109
0.120892 109
0.106125 109
0.114537 109
0.131503 109
0.127210 109
0.104826 109
0.109545 109
0.108108 109
0.104663 109
0.110107 109
0.106116 109
0.119864 109
0.147822 109
0.034043 109
0.037020 41
0.006371 106
0.001748 106
0.019108 41
0.006425 109
0.000843 109
0.041659 41
0.007847 108
0.000572 108
0.047074 41
0.013531 109
0.003533 109
0.019270 41
0.007578 106
0.002969 106
0.021483 41
0.005305 106
0.001998 106
0.029010 41
0.071146 87
0.008248 65
0.044171 37
0.000043 2
1.279779 5
0.000425 37
0.000040 2
0.378112 46
0.003570 46
0.000579 46
0.000538 46
0.000227 2
0.000044 9
0.000231 31
0.000041 4
0.000344 2
0.000052 9
0.000112 31
0.000092 4
0.000440 2
0.000042 9
0.000072 31
0.000062 4
0.000183 2
0.000036 9
0.000075 31
0.000098 4
0.000205 2
0.000040 9
0.000073 31
0.000068 4
0.000323 2
0.000049 9
0.000057 31
0.000082 4
0.000189 2
0.000085 9
0.000030 31
0.000134 4
0.000122 2
0.000028 9
0.000079 31
0.000071 4
0.000114 9
0.000062 22
0.000070 4
0.000174 9
0.000030 22
0.000074 4
0.000239 9
0.000064 22
0.000057 4
0.000166 9
0.000081 22
0.000070 4
0.000324 9
0.000038 22
0.000074 4
0.000192 9
0.000037 22
0.000072 4
0.000180 9
0.000033 22
0.000058 4
0.000166 9
0.000036 22
0.000065 4
0.000288 9
0.000087 22
0.000067 4
0.326803 109
0.001788 48
0.000632 47
0.003853 112
0.003725 112
0.054984 112
0.000894 48
0.000538 47
0.009509 111
0.017522 48
0.000710 47
0.086126 111
0.100208 111
0.045499 110
0.058367 111
0.038562 46
0.000469 45
0.035808 111
0.003151 111
0.000950 110
0.001102 110
0.002164 46
0.002344 45
0.001109 110
0.005657 45
0.044504 43
0.006183 108
0.002177 108
0.034474 43
0.010273 111
0.126289 111
0.101077 110
0.014332 111
0.031348 109
0.048698 110
0.000642 110
0.000648 110
0.001717 46
0.000415 45
0.016965 111
0.043494 109
0.063347 110
0.071568 110
0.000514 109
0.033365 111
0.078401 109
0.039949 110
0.041963 111
0.039667 109
0.009152 110
0.051888 111
0.023307 107
0.002279 46
0.000657 45
0.058684 109
0.001402 110
0.082930 111
0.000413 109
0.080815 110
0.034838 111
0.008855 109
0.017666 110
0.100015 110
0.032178 109
0.072808 111
0.027289 110
0.005873 109
0.106682 110
0.047883 109
0.047352 106
0.002486 46
0.000655 45
0.026674 110
0.026994 43
0.006786 109
0.016926 109
0.037071 110
0.063759 109
0.006088 109
0.038791 110
0.069107 109
0.046725 110
0.030576 109
0.016706 109
0.080286 110
0.048634 109
0.013810 109
0.040296 110
0.002254 110
0.019881 110
0.000570 46
0.000390 45
0.006927 109
0.037878 46
0.000472 45
0.034627 109
0.013822 110
0.099139 109
0.011495 110
0.020206 46
0.000490 45
0.067668 109
0.101884 109
0.107530 109
0.102580 109
0.020369 41
0.006229 109
0.001899 109
0.050150 41
0.008175 109
0.000695 109
0.043249 41
0.028959 109
0.120681 109
0.103316 109
0.135012 109
0.103548 109
0.115471 109
0.122078 109
0.131559 109
0.123324 109
0.186097 109
0.131792 109
0.103890 109
0.112995 109
0.117187 109
0.112842 109
0.105610 109
0.100834 109
0.120976 109
0.144635 109
0.126923 109
0.107413 109
0.117347 109
0.129520 109
0.103196 109
0.116819 109
0.106601 109
0.101364 109
0.106387 109
0.105920 109
0.121285 109
0.117938 109
0.103737 109
0.115101 109
0.111248 109
0.126612 109
0.122468 109
0.116408 109
0.103197 109
0.102955 109
0.138898 109
0.133996 109
0.103587 109
0.124034 109
0.115665 109
0.105027 109
0.113435 109
0.102735 109
0.109665 109
0.113807 109
0.131220 109
0.212774 109
0.147304 109
0.102165 109
0.289632 109
0.119177 109
0.094889 109
0.235275 41
0.231691 108
0.196433 108
0.212128 108
0.139920 108
0.142920 108
0.146272 108
0.245332 108
0.144604 108
0.252612 108
0.113538 108
0.244942 108
0.163489 108
0.184233 108
0.131664 108
0.117107 108
0.136520 108
0.106757 108
0.139695 108
0.105891 108
0.120973 108
0.112284 108
0.120824 108
0.119394 108
0.146809 108
0.126043 108
0.126146 108
0.119938 108
0.133796 108
0.103075 108
0.120136 108
0.110976 108
0.127131 108
0.115322 108
0.124244 9
0.000386 99
0.148828 108
0.136044 108
0.109926 108
0.113947 108
0.112229 108
0.134687 108
0.113389 108
0.102314 108
0.101626 108
0.165508 108
0.146671 108
0.147807 108
0.492071 108
0.150023 108
0.111839 108
0.131808 108
0.106230 108
0.504598 108
0.116688 108
0.121312 108
0.083113 108
0.187384 41
0.004981 109
0.003462 109
0.018676 41
0.006140 106
0.001710 106
0.029160 41
0.007589 105
0.000732 105
0.012559 41
0.005365 109
0.003175 109
0.016088 41
0.070069 87
0.006782 65
0.026600 31
0.000133 2
1.160090 41
0.374444 46
0.000655 46
0.004289 46
0.000600 46
0.000420 46
0.001183 46
0.000374 46
0.000272 46
0.000334 46
0.000230 2
0.000042 9
0.000105 31
0.000075 4
0.000314 2
0.000038 9
0.000071 31
0.000080 4
0.000321 2
0.000040 9
0.000069 31
0.000070 4
0.000553 2
0.000041 9
0.000070 31
0.000075 4
0.000193 2
0.000037 9
0.000067 31
0.000076 4
0.000190 2
0.000040 9
0.000069 31
0.000108 4
0.000191 2
0.000039 9
0.000070 31
0.000071 4
0.000192 2
0.000038 9
0.000065 31
0.000073 4
0.000185 2
0.000036 9
0.000069 31
0.000070 4
0.000199 10
0.000037 22
0.000072 5
0.000202 10
0.000037 22
0.000071 5
0.000267 10
0.000038 22
0.000071 5
0.000310 10
0.000040 22
0.000069 5
0.000212 10
0.000039 22
0.000084 5
0.000188 10
0.000038 22
0.000067 5
0.000189 9
0.000039 22
0.000067 4
0.000181 9
0.000036 22
0.000068 4
0.000182 9
0.000036 22
0.000066 4
0.000187 9
0.000029 22
0.000063 4
0.000178 9
0.000037 22
0.000070 4
0.000176 9
0.000034 22
0.000064 4
0.000151 9
0.000039 22
0.000070 4
0.000250 9
0.000037 22
0.000067 4
0.000183 9
0.000035 22
0.000069 4
0.306645 110
0.003107 112
0.008926 48
0.000671 47
0.000340 112
0.000343 110
0.001105 207
0.002143 48
0.000364 47
0.007384 111
0.018296 111
0.038224 43
0.001386 111
0.004042 111
0.036418 43
0.008373 109
0.127983 109
0.040094 43
0.047637 108
0.001875 48
0.000807 47
0.025714 112
0.004410 112
0.000558 48
0.000304 47
0.002565 111
0.027305 112
0.003273 48
0.000672 47
0.059059 111
0.098269 43
0.007880 111
0.004285 111
0.026879 43
0.007229 107
0.003825 107
0.019277 43
0.062701 109
0.001211 48
0.001487 47
0.002066 108
0.009508 108
0.017814 109
0.005668 48
0.000752 47
0.014894 43
0.004570 108
0.003544 108
0.001782 109
0.001840 48
0.000466 47
0.018136 43
0.007776 108
0.000877 108
0.018584 43
0.228633 106
0.000654 46
0.000302 45
0.002893 105
0.005111 107
0.005161 46
0.001379 45
0.000464 105
0.023809 41
0.008350 106
0.000689 106
0.031511 41
0.000865 107
0.000449 46
0.000305 45
0.013158 106
0.000749 106
0.021988 41
0.231364 110
0.055206 110
0.008850 46
0.001642 45
0.011922 109
0.022936 109
0.033640 110
0.062432 107
0.001184 107
0.001877 46
0.000667 45
0.010145 110
0.009248 41
0.096930 110
0.097104 110
0.113216 110
0.020331 107
0.002360 46
0.000754 45
0.014913 46
0.000543 45
0.031977 107
0.002059 107
0.001515 46
0.001775 45
0.017494 109
0.118115 109
0.136716 107
0.001207 46
0.000525 45
0.008624 109
0.105494 109
0.123903 109
0.100066 109
0.101579 109
0.117507 109
0.102079 109
0.116193 109
0.115129 109
0.108697 109
0.123534 109
0.103787 109
0.106113 109
0.104269 109
0.119292 109
0.165646 109
0.115657 109
0.108449 109
0.110753 109
0.121650 109
0.119943 109
0.112890 109
0.119246 109
0.100170 109
0.026060 109
0.032084 41
0.004780 106
0.002078 106
0.023370 41
0.005733 106
0.001706 106
0.020950 41
0.005594 106
0.003197 106
0.035541 41
0.008203 106
0.000764 106
0.018702 41
0.012314 87
0.000699 62
0.008397 44
0.000068 2
1.076747 5
0.000092 39
0.000093 2
0.337758 46
0.000792 46
0.000380 46
0.000322 2
0.000063 9
0.000156 31
0.000147 4
0.000418 2
0.000039 9
0.000069 31
0.000071 4
0.000279 2
0.000029 9
0.000101 31
0.000026 4
0.000571 2
0.000052 9
0.000057 31
0.000057 4
0.004929 9
0.000064 22
0.000087 4
0.001355 9
0.000039 22
0.000054 4
0.000151 9
0.000053 22
0.000047 4
0.000087 9
0.000047 22
0.000046 4
0.320885 110
0.004150 110
0.004191 110
0.002268 46
0.000506 45
0.011065 110
0.000476 46
0.000248 45
0.006871 109
0.013281 109
0.088954 109
0.006097 109
0.001125 109
0.021551 109
0.064172 46
0.011929 45
0.023943 41
0.008583 109
0.051878 109
0.058803 109
0.109566 107
0.001487 107
0.002609 46
0.000496 45
0.022668 41
0.022245 110
0.023618 108
0.080785 110
0.047442 108
0.002048 107
0.000671 107
0.000310 46
0.000320 45
0.045542 110
0.054802 108
0.006995 46
0.000621 45
0.043698 106
0.000706 46
0.000412 45
0.050380 108
0.101790 108
0.106707 108
0.103520 108
0.024002 108
0.006222 108
0.027616 41
0.019953 109
0.100344 109
0.102786 109
0.104769 109
0.102300 109
0.102428 109
0.104346 109
0.050602 109
0.020182 41
0.006578 106
0.001971 106
0.081938 41
0.005377 106
0.001842 106
0.020679 41
0.005687 105
0.003416 105
0.017700 41
0.016405 87
0.006097 67
0.118254 22
0.000042 2
0.002743 25
0.000048 2
0.007972 27
0.000623 2
0.023967 27
0.000488 2
2.811645 9
0.000249 40
0.000146 4
0.240612 9
0.000295 40
0.000102 4
0.347096 9
0.000120 40
0.000111 4
0.368081 9
0.000063 40
0.000081 4
0.613894 8
0.000821 42
4.310600 1
0.183690 1
0.200772 1
0.127130 1
0.256092 1
0.183997 1
0.167893 1
0.376273 1
0.263901 1
1.016001 2
0.002058 9
0.288172 12
0.000080 3
0.000178 5
0.000113 8
0.000101 7
0.000100 7
0.000100 8
0.000112 8
0.000117 2
0.000101 7
0.000114 8
0.000077 2
0.000075 6
0.000080 8
0.000072 2
0.000054 5
0.000080 8
0.000070 8
0.001684 6
0.000493 5
0.000035 2
0.000061 12
0.000066 3
0.000048 15
0.000080 5
0.000097 24
0.000077 3
0.000071 14
0.000085 3
0.000077 11
0.000051 5
0.000061 24
0.000075 3
0.000053 10
0.000052 2
0.000059 12
0.000061 3
0.000860 15
0.000140 5
0.000073 9
0.000079 8
0.001108 8
0.000143 14
0.000079 3
0.000080 13
0.000081 3
0.000069 24
0.000135 3
0.000079 7
0.000075 2
0.000073 12
0.000085 3
0.000120 12
0.000063 8
0.000047 24
0.000224 3
0.000076 14
0.000059 3
0.000047 13
0.000060 3
0.000059 24
0.000053 3
0.000060 4
0.000060 2
0.000052 12
0.000056 3
0.000060 17
0.000059 3
0.000046 24
0.000063 3
0.000056 14
0.000046 3
0.000059 13
0.000057 3
0.000046 24
0.000062 3
0.000060 12
0.000058 2
0.006439 8
0.000051 42
11.661573 1
0.191774 1
0.439796 1
0.216695 1
0.175219 1
0.255448 1
0.000054 1
1.496936 1
0.359528 1
0.168272 1
0.191697 1
0.162179 5
2.566014 1
0.304042 1
0.743844 1
0.952090 1
0.287980 1
2.911844 1
0.640106 1
0.648889 11
0.797845 27
0.000037 2
0.000147 27
0.000070 2
0.000066 27
0.000058 2
0.000064 27
0.000058 2
0.048518 9
0.000092 40
0.000118 4
0.505698 9
0.000074 40
0.000130 4
0.210223 9
0.000063 40
0.000082 4
8.454586 9
0.000078 40
0.000079 4
0.118485 27
0.000035 2
0.000126 27
0.000109 2
0.000082 27
0.000066 2
0.000080 27
0.000069 2
0.095034 9
0.000084 40
0.000117 4
0.011588 9
0.000312 40
0.000136 4
0.014782 9
0.000133 40
0.000051 4
0.010614 9
0.000165 40
0.000080 4
0.000455 35
0.000116 2
0.129692 42
0.000050 2
0.006639 39
0.001259 2
0.126748 8
0.000086 42
3.927386 1
0.232195 1
0.175764 1
0.272137 1
0.375946 1
0.528447 11
0.002829 11
0.000478 8
0.000063 42
2.020233 1
0.199977 1
0.167855 1
0.280086 1
0.256027 1
0.208006 1
0.168040 1
0.239897 1
0.408001 1
1.144892 11
0.118010 12
0.000150 3
0.000080 5
0.000069 5
0.000068 7
0.000074 3
0.000072 7
0.000073 3
0.000072 6
0.000069 4
0.000058 5
0.000052 5
0.000092 5
0.000056 2
0.003046 8
0.000057 42
1.669176 1
0.195021 1
0.180685 1
0.096045 1
0.191954 1
0.248130 1
0.208206 1
0.319653 1
0.232018 1
0.296063 1
0.303914 1
0.303946 1
0.256099 1
1.281970 11
0.026130 10
0.000232 8
0.000037 2
0.000128 3
0.000100 7
0.000085 8
0.000093 7
0.000097 7
0.000089 7
0.000085 4
0.000066 2
0.000058 12
0.000075 8
0.000085 6
0.000080 4
0.000073 12
0.000089 3
0.000063 10
0.000050 4
0.000058 5
0.000076 2
0.000048 15
0.000089 5
0.000058 6
0.000053 4
0.000054 12
0.000069 3
0.000090 10
0.000096 4
0.000083 5
0.000077 2
0.000081 15
0.000086 5
0.000079 6
0.000048 4
0.000061 12
0.000061 3
0.000046 11
0.000062 3
0.000060 5
0.000070 2
0.000051 17
0.000071 3
0.000062 6
0.000078 4
0.000064 12
0.000051 3
0.000060 11
0.000084 3
0.000072 6
0.000073 2
0.003816 8
0.000078 42
52.928323 124
0.000279 2
0.000077 41
0.000069 2
0.000112 52
1.514709 195
0.008558 41
0.000026 2
0.000216 116
0.000092 2
0.006745 37
0.004777 12
0.000048 2
0.000268 59
0.002051 10
0.000147 2
0.015916 40
0.142909 9
0.000031 2
0.002164 114
0.000047 2
0.000161 41
0.000118 2
0.000149 117
0.000113 2
0.000202 46
0.000122 2
0.000161 40
0.174636 13
0.000155 2
0.000125 41
0.000067 2
0.000063 2
0.009357 5
0.000038 35
0.000173 27
0.000073 2
0.001135 5
0.000164 39
0.025610 4
0.000207 29
0.000178 27
0.000109 2
0.005223 8
0.000073 42
21.717756 127
1.689065 245
0.003842 41
0.000102 2
0.000179 116
0.000145 2
0.006705 37
0.003759 12
0.000057 2
0.000292 59
0.002811 10
0.000187 2
0.009381 40
0.005787 9
0.000049 2
0.000448 114
0.000028 2
0.000480 41
0.000030 2
0.000176 117
0.000091 2
0.000210 46
0.000025 2
0.000294 40
0.001845 13
0.000021 2
0.000160 41
0.000025 2
0.000057 2
0.003004 8
0.000101 42
653.425644 1
0.207444 1
0.175995 1
0.256329 1
0.295750 1
1.233932 11
0.000245 11
0.000534 8
0.000063 42
118.083742 141
6.086920 131
1.208033 1
1.287944 3
0.336071 3
1.090069 11
0.003323 134
0.000042 2
0.005314 37
0.003304 12
0.000127 2
0.000126 59
0.002439 10
0.000025 2
0.008152 40
0.181123 9
0.000029 2
0.000139 980
0.000106 2
0.000134 983
0.000016 2
0.000038 89
0.003114 15
0.000099 2
0.000133 15
0.000068 2
0.000067 15
0.000068 5
0.000092 2
0.000079 114
0.002193 10
0.000153 2
0.008830 40
0.005524 6
0.000055 2
0.000336 8
0.000265 8
0.000118 6
0.000095 27
0.000066 2
0.000282 58
0.000086 2
0.000326 2
0.000232 72
0.000078 2
0.002879 8
0.000072 42
77.071304 1
0.207452 1
0.239961 1
0.255909 1
0.288139 1
0.519889 1
0.239790 1
1.498219 132
0.016080 134
0.000055 2
0.004294 37
0.002399 12
0.000055 2
0.000090 59
0.001863 10
0.000169 2
0.008050 40
0.002370 9
0.000053 2
0.000133 980
0.000084 2
0.000262 983
0.000049 2
0.000114 89
0.002432 15
0.000056 2
0.000073 15
0.000070 2
0.000070 15
0.000095 5
0.000088 2
0.000096 114
0.002163 10
0.000137 2
0.018069 40
0.021543 6
0.000050 2
0.000367 8
0.000072 8
0.000104 6
0.000088 27
0.000067 2
0.000668 56
0.000055 2
0.000129 2
0.000084 1
0.000094 100
0.045847 1
0.000089 100
0.000111 2
0.000076 2
0.000192 104
0.000097 2
0.000068 2
0.005845 8
0.000063 42
4.502715 1
0.281304 1
0.166568 1
0.360004 1
0.258161 1
0.125974 1
1.457967 11
0.001826 11
0.000043 2
0.000221 46
0.000122 2
0.000107 47
0.000151 2
0.000094 63
0.000109 2
0.000090 84
0.000144 2
0.000083 59
0.000062 2
0.000675 8
0.000136 42
17.506809 1
0.215015 1
0.168017 1
0.175888 1
0.239938 1
3.088268 57
1.649759 107
0.018644 33
0.000061 2
0.000632 46
0.000070 2
0.236136 40
0.000074 2
0.000366 39
0.000132 2
0.004387 8
0.000380 42
2.441091 1
0.247908 1
0.216159 1
0.840016 1
0.335797 1
0.568751 1
0.361257 11
0.004466 11
0.000045 2
0.000192 46
0.000310 2
0.000105 47
0.000081 2
0.000084 63
0.000073 2
0.000085 77
0.000097 2
0.000087 84
0.000067 2
0.000072 59
0.000047 2
0.000683 8
0.000057 42
14.095738 1
0.303222 1
0.144019 1
0.144011 1
0.216103 1
0.808157 1
0.479744 1
0.224042 1
0.712005 1
0.215900 1
0.232422 31
5.671594 1
1.704060 1
0.343799 1
0.296278 1
0.160248 2
1.103386 1
0.184097 1
0.287959 1
0.304140 1
1.111870 1
0.175997 1
6.495868 1
9.639744 1
0.264154 1
0.407889 1
0.256155 1
1.831895 1
1.511907 1
0.247897 1
0.232017 1
0.208072 3
1.417922 318
0.015356 8
0.000067 42
1.454685 1
0.191875 1
0.168051 1
0.336009 1
0.200089 1
0.191902 1
0.738116 11
0.001124 11
0.000044 2
0.000173 46
0.000110 2
0.000086 47
0.000080 2
0.000083 63
0.000076 2
0.000077 84
0.000080 2
0.000065 59
0.000058 2
0.000570 8
0.000125 42
22.291411 60
2.593317 189
0.024958 8
0.000343 54
0.000201 7
0.000089 6
0.001096 29
0.000092 21
0.000122 6
0.000964 3
0.000138 118
0.000051 6
0.000149 6
0.000098 27
0.000150 87
0.000120 87
0.000092 27
0.000222 86
0.000092 81
0.000152 5
0.000082 12
8.235811 313
15.438092 26
0.638461 22
0.336165 24
0.319742 25
1.424061 25
1.376048 25
1.663953 21
0.207833 21
0.272029 21
0.264077 21
0.240040 21
0.239970 21
0.223963 21
0.239907 21
0.336198 21
0.335698 21
0.256229 21
0.255904 21
0.288797 21
0.335093 21
3.984235 49
1.351986 47
2.799909 427
1.032119 51
0.002967 468
1.285956 72
0.002986 8
0.000086 42
2.603440 1
0.208014 1
0.208473 1
0.479654 1
0.632085 4
0.783698 1
0.144157 1
0.320104 50
41.808042 1
0.278986 1
0.111919 1
0.248134 1
0.135775 1
0.192088 1
0.745972 11
0.002747 8
0.000042 2
0.000154 43
0.000102 2
0.000092 44
0.000087 2
0.000139 52
0.000090 2
0.000080 48
0.000086 2
0.000061 54
0.000064 2
0.000057 52
0.000088 2
0.000096 60
0.000056 2
0.000053 55
0.000053 2
0.000741 8
0.000149 31
3.761399 6
1.007694 1
0.944007 1
0.215860 1
0.272329 12
1.225789 11
0.002771 11
0.000038 2
0.000126 46
0.000070 2
0.000072 47
0.000091 2
0.000090 52
0.000078 2
0.000071 51
0.000073 2
0.000054 58
0.000053 2
0.000607 8
0.000114 31
5.913563 1
0.199772 1
0.224226 1
0.271967 1
1.735799 4
0.504778 4
0.031142 4
0.032137 4
0.023816 1
0.040040 1
0.024076 1
0.032124 1
0.032324 1
0.031599 1
0.023983 1
0.032061 1
0.032443 1
0.023655 1
0.040039 1
0.040215 1
0.039748 1
0.903692 1
0.276806 1
3.595306 4
0.175838 4
0.512101 1
0.031979 1
0.056024 2
0.031842 1
0.032170 1
0.023880 1
0.032108 1
0.031885 1
0.023962 1
0.032243 1
0.207870 1
0.215983 1
0.191948 1
0.216033 1
0.752315 78
8.447672 4
0.271832 25
0.263918 18
0.808625 15
0.655323 56
1.802111 11
0.020394 8
0.000300 54
0.000109 7
0.000226 6
0.000734 29
0.000086 23
0.000136 6
0.000334 8
0.000070 22
0.000112 4
0.000087 6
0.001064 3
0.000084 118
0.000092 6
0.000266 6
0.000099 27
0.000091 87
0.000097 87
0.000092 27
0.000093 86
0.000088 81
0.000427 5
0.000075 25
0.000105 41
0.000100 28
0.000090 44
0.000100 19
0.000125 13
0.000094 29
0.000090 42
0.000097 12
1.500225 22
0.183843 22
0.224127 22
0.439824 21
0.304060 21
0.263962 21
0.600019 22
0.464002 19
0.503928 19
0.024008 19
0.064340 20
0.031686 19
0.063963 20
0.031995 19
0.032111 19
0.023940 19
0.039914 19
0.024310 34
0.023739 6
0.000081 12
0.000068 1
0.031711 6
0.000079 12
0.000067 1
0.040102 6
0.000081 12
0.000067 1
0.023941 6
0.000080 12
0.000068 1
0.031657 6
0.000079 12
0.000069 1
0.023782 6
0.000071 12
0.000077 1
0.039837 6
0.000074 12
0.000069 1
0.024008 6
0.000077 12
0.000053 1
0.031877 6
0.000081 12
0.000064 1
0.343707 19
0.248112 19
0.184103 19
1.616005 55
1.096011 19
0.191941 19
0.295754 19
0.192331 19
0.735910 19
0.431894 19
0.367800 19
2.705209 19
0.286991 19
0.423976 19
0.200041 19
0.143807 19
0.224313 19
2.991730 427
0.872291 51
0.002728 7
0.000080 16
0.000044 6
0.000070 8
0.000043 23
0.000040 4
0.000039 6
0.000088 8
0.000111 175
0.000065 196
0.000070 12
0.000059 7
0.909485 72
0.003047 8
0.000073 42
28.971514 1
0.143298 1
0.184182 1
0.271793 1
0.248261 1
0.153986 11
0.000070 11
0.000598 8
0.000324 42
0.572858 1
0.208049 1
0.175811 1
0.176050 1
0.216174 1
1.095916 1
0.191948 1
0.159999 1
0.104120 1
0.263784 1
0.256102 1
0.231886 1
0.352025 1
0.200022 1
0.160172 1
0.464491 1
0.311334 1
0.255954 1
0.384119 1
0.191983 1
0.759921 1
0.712006 1
0.479932 1
0.192172 1
0.319812 1
1.544023 1
0.239981 1
0.319921 1
3.441979 11
0.822870 8
0.000707 42
2.878316 1
0.152055 1
0.184032 1
0.288152 1
0.255802 1
0.367925 1
0.136011 1
0.088104 1
0.167851 1
0.240055 1
0.288027 1
0.312208 1
0.359840 1
0.239987 1
0.200083 1
1.288024 1
0.223926 1
0.391970 1
0.175975 1
0.376246 1
0.343692 1
0.128162 1
0.375914 1
0.191916 1
0.424077 1
0.199956 1
0.256133 36
2.839771 4
0.479935 4
0.248092 4
0.343952 615
1.168244 4
0.519651 4
0.024032 4
0.032060 4
0.031917 4
0.024063 4
0.040046 4
0.031911 4
0.023970 4
0.024168 4
0.031982 4
0.064163 8
0.023776 4
0.048747 4
0.015103 4
0.032160 4
0.024272 4
0.168043 4
0.359590 4
0.264265 4
0.143804 4
0.616198 4
0.993637 11
0.017923 128
0.000065 2
0.621540 8
0.000087 42
3.190311 1
0.136772 1
0.207250 1
0.173778 1
0.186293 1
0.232088 1
0.183820 1
0.056183 1
0.167802 1
0.216051 1
0.304031 1
0.248038 1
0.295997 1
0.224563 1
0.199416 1
0.184239 1
0.251256 1
0.084482 1
0.144730 1
0.215658 1
0.297593 1
1.006770 1
0.167264 1
0.760047 1
0.552230 37
1.295502 4
0.512396 4
0.071796 619
0.015896 4
0.031962 4
0.024009 4
0.031977 4
0.064115 8
0.032313 4
0.031607 4
0.024129 4
0.031953 4
0.639951 4
0.503962 4
0.031934 4
0.024228 4
0.031758 4
0.032159 4
0.064051 8
0.032064 4
0.023794 4
0.032352 4
0.023666 4
0.031872 4
1.761943 11
0.049749 8
0.001592 42
34.546853 1
0.191514 1
0.135803 1
0.111987 1
0.176261 1
2.511897 113
2.369576 246
0.015287 102
0.000084 2
0.007794 37
0.003272 12
0.000218 2
0.000217 59
0.002673 10
0.000107 2
0.009430 40
0.165678 9
0.000085 2
0.000768 99
0.000095 2
0.000197 102
0.000129 2
0.000210 46
0.000093 2
0.000179 40
0.169605 13
0.000059 2
0.000174 41
0.000097 2
0.000095 2
0.005728 8
0.000067 42
107.734655 118
2.408362 135
0.018528 106
0.000099 2
0.006524 37
0.003534 12
0.000088 2
0.000289 59
0.002131 10
0.000203 2
0.009644 40
0.166081 13
0.000086 2
0.000288 41
0.000135 2
0.000112 2
0.006225 8
0.000069 42
42.576699 117
2.272310 137
0.017073 105
0.000075 2
0.005926 37
0.003090 12
0.000097 2
0.000136 59
0.001948 10
0.000162 2
0.008714 40
0.189545 13
0.000176 2
0.000171 41
0.000088 2
0.000094 2
0.005818 8
0.000061 42
32.709853 127
2.120766 117
0.389176 8
0.000122 42
13.321853 127
1.567705 117
0.126183 8
0.000087 42
1.432829 1
0.384191 1
0.143800 1
0.295935 1
0.144456 1
0.191670 1
0.339308 341
0.000068 42
36.148575 118
1.380211 135
0.011566 106
0.000095 2
0.005709 37
0.003634 12
0.000088 2
0.000158 59
0.002681 10
0.000073 2
0.007907 40
0.177828 9
0.000109 2
0.000271 952
0.000181 2
0.000401 955
0.000149 2
0.000118 89
0.002381 15
0.000133 2
0.000192 15
0.000139 2
0.000173 15
0.000266 5
0.000122 2
0.000162 114
0.018838 10
0.000225 2
0.023940 40
0.144434 6
0.000162 2
0.000389 8
0.000068 8
0.000139 6
0.000141 27
0.000118 2
0.000338 41
0.000106 2
0.000137 2
0.000113 1
0.000152 100
0.211670 1
0.000092 100
0.219357 1
0.000092 100
0.200026 1
0.000060 100
0.200456 1
0.000085 100
0.200258 101
0.248631 1
0.000067 100
0.203675 1
0.000114 100
0.200894 1
0.000077 100
0.200009 1
0.000203 100
0.012604 1
0.000086 100
0.000136 2
0.000085 2
0.000233 90
0.000113 2
0.000078 2
0.005265 8
0.000063 42
12.775400 76
1.955956 108
0.133713 29
0.197665 31
0.000080 31
0.000132 2
0.021560 32
0.000097 32
0.108319 33
0.000125 33
0.575943 34
0.000068 2
0.000135 34
0.001025 33
0.000085 33
0.001994 35
0.000076 2
0.046416 54
0.000067 2
2.147717 63
0.000050 2
0.272324 34
0.000268 2
0.000455 42
0.000094 2
0.000055 25
0.000057 2
0.000719 8
0.000063 42
3.637688 1
0.184071 1
0.208179 1
0.471826 1
0.303816 1
0.859262 1
0.172720 1
0.769058 48
0.015720 34
0.000134 2
0.000211 37
1.076357 2
0.004265 8
0.000089 42
2.046205 1
0.280222 1
0.183539 1
0.296134 1
0.183919 1
0.208099 1
0.339109 480
0.000067 42
17.791185 38
0.925517 69
0.003601 7
0.000059 46
0.000173 25
0.000111 2
0.000665 8
0.000224 42
12.067068 1
0.191508 1
0.184383 1
0.367753 1
0.232086 1
0.199860 1
0.192340 1
0.659696 480
0.000077 42
12.724356 1
0.215209 1
0.120201 1
0.495871 1
0.655916 1
0.175987 1
0.276317 1
0.367952 383
0.000177 42
20.212162 61
1.115304 190
0.015980 8
0.000073 42
9.163643 43
1.452489 79
0.014323 8
0.000370 54
0.000089 7
0.000090 6
0.000564 29
0.000071 21
0.000089 6
0.000806 3
0.000060 118
0.000096 6
0.000138 6
0.000084 27
0.000100 87
0.000090 87
0.000141 27
0.000097 86
0.000077 81
0.000144 5
0.000077 12
12.667788 14
0.006878 7
0.000104 16
0.000131 6
0.001328 5
0.000099 34
0.000156 62
0.000152 25
0.000495 81
0.000139 37
0.000101 62
0.000105 42
0.000108 60
0.000103 43
0.000094 19
0.000092 30
0.000190 19
0.000076 29
0.000091 36
0.000097 46
0.000121 51
0.000108 12
3.331148 26
0.487820 26
0.216117 26
0.256059 26
0.200009 26
0.223947 23
0.239903 26
0.248146 22
0.247947 25
0.256046 25
0.223982 22
0.263985 25
0.472008 24
0.887925 25
1.063916 19
0.231927 19
0.256003 19
0.344259 19
0.471870 19
0.247950 19
0.288066 19
0.247878 19
0.280100 19
0.271902 19
0.247865 19
0.272097 19
1.816273 18
0.000068 2
0.000043 4
0.007598 18
0.000105 1
0.000064 4
1.175878 23
0.568355 23
0.551853 23
1.847987 48
0.247704 48
0.360273 48
0.839823 48
1.223966 48
0.279974 48
0.336318 48
1.535871 48
0.391925 48
0.407854 48
2.232173 48
0.495911 48
0.271762 48
0.256064 48
35.367891 427
0.935978 45
0.003692 7
0.000066 16
0.000049 6
0.000071 8
0.000044 23
0.000040 4
0.000077 6
0.000212 8
0.000149 175
0.000078 196
0.000073 12
0.000049 7
0.860451 72
0.003216 8
0.000129 42
8.371221 43
1.492022 79
0.018068 8
0.000325 54
0.000134 7
0.000140 6
0.000623 29
0.000077 23
0.000103 6
0.000312 8
0.000057 22
0.000084 4
0.000079 6
0.000954 3
0.000071 118
0.000092 6
0.000141 6
0.000091 27
0.000094 87
0.000136 87
0.000095 27
0.000107 86
0.000108 81
0.000846 5
0.000072 34
0.000116 62
0.000117 25
0.000110 89
0.000105 37
0.000123 62
0.000128 42
0.000228 60
0.000154 43
0.000172 19
0.000167 30
0.000174 19
0.000093 29
0.000115 36
0.000129 46
0.000112 56
0.000110 12
3.348187 71
0.002805 8
0.000197 42
10.251167 55
8.052111 184
0.016759 8
0.000324 54
0.000115 7
0.000126 6
0.000653 29
0.000319 21
0.000147 6
0.000987 3
0.000077 118
0.000103 6
0.000271 6
0.000071 27
0.000134 87
0.000102 87
0.000108 27
0.000130 86
0.000138 81
0.000201 5
0.000099 12
2.056279 337
9.702477 427
0.552232 51
0.003326 469
1.077652 72
0.002665 8
0.000347 42
32.339290 1
0.135575 1
0.199937 1
0.312061 1
0.360067 11
0.000592 6
0.026306 8
0.000057 50
4.748896 1
0.216222 1
0.743695 1
0.255949 1
1.032429 11
0.000598 6
